[2025-08-30 08:11:01] База данных инициализирована
[2025-08-30 08:11:01] Успешный вход пользователя: 123
[2025-08-30 08:11:01] Конфигурация загружена
[2025-08-30 08:11:01] База данных инициализирована
[2025-08-30 08:11:01] Обновлен список входящих для 123
[2025-08-30 08:11:18] База данных инициализирована
[2025-08-30 08:11:18] Успешный вход пользователя: 123
[2025-08-30 08:11:18] Конфигурация загружена
[2025-08-30 08:11:18] База данных инициализирована
[2025-08-30 08:11:18] Обновлен список входящих для 123
[2025-09-02 05:47:46] База данных инициализирована
[2025-09-02 05:47:46] Успешный вход пользователя: 123
[2025-09-02 05:47:46] Конфигурация загружена
[2025-09-02 05:47:46] База данных инициализирована
[2025-09-02 05:47:46] Обновлен список входящих для 123
[2025-09-02 05:47:55] Конфигурация сохранена
[2025-09-02 05:47:55] Изменена тема на: Светлая
[2025-09-02 05:48:00] База данных инициализирована
[2025-09-02 05:48:00] Обновлен список входящих для 123
[2025-09-02 05:48:02] Конфигурация сохранена
[2025-09-02 05:48:02] Изменена тема на: Тёмная
[2025-09-02 05:48:03] Просмотр лицензии
[2025-09-02 05:58:06] База данных инициализирована
[2025-09-02 05:58:06] Успешный вход пользователя: 123
[2025-09-02 05:58:06] Конфигурация загружена
[2025-09-02 05:58:06] База данных инициализирована
[2025-09-02 05:58:06] Обновлен список входящих для 123
[2025-09-02 05:58:20] Выбран файл для шифрования: C:/Users/Scrollend/Documents/photo_2025-06-30_08-33-32.jpg
[2025-09-02 05:58:23] Попытка шифрования с пустым или коротким паролем
[2025-09-02 05:58:27] Получен ID устройства: 53447166224496
[2025-09-02 05:58:27] Получен IP-адрес: 192.168.1.33
[2025-09-02 05:58:27] Файл зашифрован: C:/Users/Scrollend/Documents/photo_2025-06-30_08-33-32.jpg.enc
[2025-09-02 05:58:27] Файл зашифрован: C:/Users/Scrollend/Documents/photo_2025-06-30_08-33-32.jpg.enc
[2025-09-02 05:58:28] Установлено вложение: C:/Users/Scrollend/Documents/photo_2025-06-30_08-33-32.jpg.enc
[2025-09-02 05:59:16] Запрошен запуск от администратора
[2025-09-02 05:59:20] База данных инициализирована
[2025-09-02 05:59:20] Успешный вход пользователя: 123
[2025-09-02 05:59:20] Конфигурация загружена
[2025-09-02 05:59:20] База данных инициализирована
[2025-09-02 05:59:20] Обновлен список входящих для 123
[2025-09-02 05:59:31] Выбран файл для шифрования: C:/Users/Scrollend/Documents/photo_2025-06-30_08-33-32.jpg
[2025-09-02 05:59:32] Получен ID устройства: 53447166224496
[2025-09-02 05:59:32] Получен IP-адрес: 192.168.1.33
[2025-09-02 05:59:32] Файл зашифрован: C:/Users/Scrollend/Documents/photo_2025-06-30_08-33-32.jpg.enc
[2025-09-02 05:59:32] Файл зашифрован: C:/Users/Scrollend/Documents/photo_2025-06-30_08-33-32.jpg.enc
[2025-09-02 05:59:34] Установлено вложение: C:/Users/Scrollend/Documents/photo_2025-06-30_08-33-32.jpg.enc
[2025-09-02 06:01:35] База данных инициализирована
[2025-09-02 06:01:35] Успешный вход пользователя: 123
[2025-09-02 06:01:35] Конфигурация загружена
[2025-09-02 06:01:35] База данных инициализирована
[2025-09-02 06:01:35] Обновлен список входящих для 123
[2025-09-02 06:01:48] Конфигурация сохранена
[2025-09-02 06:01:48] Изменена тема на: Светлая
[2025-09-02 06:01:49] Конфигурация сохранена
[2025-09-02 06:01:49] Изменена тема на: Тёмная
[2025-09-02 06:04:46] База данных инициализирована
[2025-09-02 06:04:46] Успешный вход пользователя: 123
[2025-09-02 06:04:46] Конфигурация загружена
[2025-09-02 06:04:46] База данных инициализирована
[2025-09-02 06:04:46] Обновлен список входящих для 123
[2025-09-02 06:05:12] База данных инициализирована
[2025-09-02 06:05:12] Успешный вход пользователя: 123
[2025-09-02 06:05:12] Конфигурация загружена
[2025-09-02 06:05:12] База данных инициализирована
[2025-09-02 06:05:12] Обновлен список входящих для 123
[2025-09-02 06:06:55] База данных инициализирована
[2025-09-02 06:06:55] Успешный вход пользователя: 123
[2025-09-02 06:06:55] Конфигурация загружена
[2025-09-02 06:06:55] База данных инициализирована
[2025-09-02 06:06:55] Обновлен список входящих для 123
[2025-09-02 06:07:02] Выбран файл для шифрования: C:/Users/Scrollend/Documents/photo_2025-06-30_08-33-32.jpg
[2025-09-02 06:07:13] Отменена привязка к IP/MAC
[2025-09-02 06:07:15] Получен ID устройства: 53447166224496
[2025-09-02 06:07:15] Получен IP-адрес: 192.168.1.33
[2025-09-02 06:07:15] Файл зашифрован: C:/Users/Scrollend/Documents/photo_2025-06-30_08-33-32.jpg.enc
[2025-09-02 06:07:17] Установлено вложение: C:/Users/Scrollend/Documents/photo_2025-06-30_08-33-32.jpg.enc
[2025-09-02 06:07:37] Выбран файл для расшифровки: C:/Users/Scrollend/Documents/photo_2025-06-30_08-33-32.jpg.enc
[2025-09-02 06:07:41] ClipboardProtector запущен с уровнем защиты: medium
[2025-09-02 06:07:41] FileGuard: Ошибка проверки файла C:/Users/Scrollend/Documents/photo_2025-06-30_08-33-32.jpg: name 'os' is not defined
[2025-09-02 06:07:41] Запущен таймер удаления на 300 сек
[2025-09-02 06:07:41] Файл расшифрован: C:/Users/Scrollend/Documents/photo_2025-06-30_08-33-32.jpg
[2025-09-02 06:07:41] ClipboardProtector остановлен и буфер обмена очищен
[2025-09-02 06:07:41] Файл безопасно удален: C:/Users/Scrollend/Documents/photo_2025-06-30_08-33-32.jpg
[2025-09-02 06:07:41] Файл безопасно удален: C:/Users/Scrollend/Documents/photo_2025-06-30_08-33-32.jpg.enc
[2025-09-02 06:07:41] FileGuard остановлен для C:/Users/Scrollend/Documents/photo_2025-06-30_08-33-32.jpg
[2025-09-02 06:07:41] Обнаружено копирование, файлы удалены
[2025-09-02 06:07:41] Обнаружено копирование: text (hash: 59622ee9...)
[2025-09-02 06:07:48] Выбран файл для шифрования: C:/Users/Scrollend/Documents/photo_2025-06-30_08-33-31.jpg
[2025-09-02 06:07:50] Получен ID устройства: 53447166224496
[2025-09-02 06:07:50] Получен IP-адрес: 192.168.1.33
[2025-09-02 06:07:50] Файл зашифрован: C:/Users/Scrollend/Documents/photo_2025-06-30_08-33-31.jpg.enc
[2025-09-02 06:07:51] Установлено вложение: C:/Users/Scrollend/Documents/photo_2025-06-30_08-33-31.jpg.enc
[2025-09-02 06:14:32] База данных инициализирована
[2025-09-02 06:14:32] Успешный вход пользователя: 123
[2025-09-02 06:14:32] Конфигурация загружена
[2025-09-02 06:14:32] База данных инициализирована
[2025-09-02 06:14:32] Обновлен список входящих для 123
[2025-09-02 06:14:40] Выбран файл для шифрования: C:/Users/Scrollend/Documents/Максилл_ДЕКАНАТ.docx
[2025-09-02 06:14:46] Получен ID устройства: 53447166224496
[2025-09-02 06:14:46] Получен IP-адрес: 192.168.1.33
[2025-09-02 06:14:46] Файл зашифрован: C:/Users/Scrollend/Documents/Максилл_ДЕКАНАТ.docx.enc
[2025-09-02 06:14:48] Установлено вложение: C:/Users/Scrollend/Documents/Максилл_ДЕКАНАТ.docx.enc
[2025-09-02 06:14:54] Выбран файл для расшифровки: C:/Users/Scrollend/Documents/Максилл_ДЕКАНАТ.docx.enc
[2025-09-02 06:14:59] Запущен таймер удаления на 300 сек
[2025-09-02 06:14:59] Файл расшифрован: C:/Users/Scrollend/Documents/Максилл_ДЕКАНАТ.docx
[2025-09-02 06:15:36] Выбран файл для шифрования: C:/Users/Scrollend/Documents/Максилл_ДЕКАНАТ.docx
[2025-09-02 06:15:37] Получен ID устройства: 53447166224496
[2025-09-02 06:15:37] Получен IP-адрес: 192.168.1.33
[2025-09-02 06:15:37] Файл зашифрован: C:/Users/Scrollend/Documents/Максилл_ДЕКАНАТ.docx.enc
[2025-09-02 06:15:38] Установлено вложение: C:/Users/Scrollend/Documents/Максилл_ДЕКАНАТ.docx.enc
[2025-09-02 06:15:43] Выбран файл для расшифровки: C:/Users/Scrollend/Documents/Максилл_ДЕКАНАТ.docx.enc
[2025-09-02 06:15:46] ClipboardProtector запущен с уровнем защиты: medium
[2025-09-02 06:15:46] Запущен таймер удаления на 300 сек
[2025-09-02 06:15:46] Файл расшифрован: C:/Users/Scrollend/Documents/Максилл_ДЕКАНАТ.docx
[2025-09-02 06:15:47] ClipboardProtector остановлен и буфер обмена очищен
[2025-09-02 06:15:47] Файл безопасно удален: C:/Users/Scrollend/Documents/Максилл_ДЕКАНАТ.docx
[2025-09-02 06:15:47] Файл безопасно удален: C:/Users/Scrollend/Documents/Максилл_ДЕКАНАТ.docx.enc
[2025-09-02 06:15:47] Обнаружено копирование, файлы удалены
[2025-09-02 06:15:47] Обнаружено копирование: text (hash: a528efb6...)
[2025-09-02 06:15:56] Конфигурация сохранена
[2025-09-02 06:22:11] [INFO] База данных инициализирована
[2025-09-02 06:22:11] [INFO] Успешный вход пользователя: 123
[2025-09-02 06:22:11] [INFO] Конфигурация загружена
[2025-09-02 06:22:11] [INFO] База данных инициализирована
[2025-09-02 06:22:11] [INFO] Обновлен список входящих для 123
[2025-09-02 06:22:27] [INFO] Конфигурация сохранена
[2025-09-02 06:22:34] [INFO] База данных инициализирована
[2025-09-02 06:22:34] [INFO] Успешный вход пользователя: 123
[2025-09-02 06:22:34] [INFO] Конфигурация загружена
[2025-09-02 06:22:34] [INFO] База данных инициализирована
[2025-09-02 06:22:34] [INFO] Обновлен список входящих для 123
[2025-09-02 06:22:42] [INFO] Конфигурация сохранена
[2025-09-02 06:23:18] [INFO] База данных инициализирована
[2025-09-02 06:23:18] [INFO] Успешный вход пользователя: 123
[2025-09-02 06:23:18] [INFO] Конфигурация загружена
[2025-09-02 06:23:18] [INFO] База данных инициализирована
[2025-09-02 06:23:18] [INFO] Обновлен список входящих для 123
[2025-09-02 06:23:23] [INFO] Открыт просмотрщик логов
[2025-09-02 06:23:33] [INFO] Конфигурация сохранена
[2025-09-02 06:32:00] [INFO] База данных инициализирована
[2025-09-02 06:32:00] [INFO] Успешный вход пользователя: 123
[2025-09-02 06:32:00] [INFO] Конфигурация загружена
[2025-09-02 06:32:00] [INFO] База данных инициализирована
[2025-09-02 06:32:00] [INFO] Обновлен список входящих для 123
[2025-09-02 06:32:08] [INFO] Выбран файл для шифрования: C:/Users/Scrollend/Documents/photo_2025-06-30_08-33-31.jpg
[2025-09-02 06:32:10] [INFO] Получен ID устройства: 53447166224496
[2025-09-02 06:32:10] [INFO] Получен IP-адрес: 192.168.1.33
[2025-09-02 06:32:10] [INFO] Файл зашифрован: C:/Users/Scrollend/Documents/photo_2025-06-30_08-33-31.jpg.enc
[2025-09-02 06:32:12] [INFO] Установлено вложение: C:/Users/Scrollend/Documents/photo_2025-06-30_08-33-31.jpg.enc
[2025-09-02 06:32:25] [INFO] Выбран файл для расшифровки: C:/Users/Scrollend/Documents/photo_2025-06-30_08-33-31.jpg.enc
[2025-09-02 06:32:26] [INFO] ClipboardProtector запущен с мгновенной детекцией: True
[2025-09-02 06:32:26] [INFO] USBFileGuard инициализирован для поиска photo_2025-06-30_08-33-31.jpg
[2025-09-02 06:32:26] [INFO] USBFileGuard запущен для поиска photo_2025-06-30_08-33-31.jpg
[2025-09-02 06:32:26] [INFO] Запущен таймер удаления на 300 сек
[2025-09-02 06:32:26] [INFO] Файл расшифрован: C:/Users/Scrollend/Documents/photo_2025-06-30_08-33-31.jpg
[2025-09-02 06:32:26] [INFO] Таймер запущен на 300 сек. для 2 объектов
[2025-09-02 06:35:32] [INFO] База данных инициализирована
[2025-09-02 06:35:32] [INFO] Успешный вход пользователя: 123
[2025-09-02 06:35:32] [INFO] Конфигурация загружена
[2025-09-02 06:35:32] [INFO] База данных инициализирована
[2025-09-02 06:35:32] [INFO] Обновлен список входящих для 123
[2025-09-02 06:35:56] [INFO] Выбран файл для шифрования: C:/Users/Scrollend/Documents/Текстовый документ.txt
[2025-09-02 06:35:57] [INFO] Получен ID устройства: 53447166224496
[2025-09-02 06:35:57] [INFO] Получен IP-адрес: 192.168.1.33
[2025-09-02 06:35:57] [INFO] Файл зашифрован: C:/Users/Scrollend/Documents/Текстовый документ.txt.enc
[2025-09-02 06:35:58] [INFO] Установлено вложение: C:/Users/Scrollend/Documents/Текстовый документ.txt.enc
[2025-09-02 06:36:05] [INFO] Выбран файл для расшифровки: C:/Users/Scrollend/Documents/Текстовый документ.txt.enc
[2025-09-02 06:36:12] [INFO] Ошибка расшифровки: Неверный пароль или поврежденный файл
[2025-09-02 06:36:36] [INFO] ClipboardProtector запущен с уровнем защиты: medium
[2025-09-02 06:36:36] [INFO] USBFileGuard инициализирован для поиска Текстовый документ.txt
[2025-09-02 06:36:36] [INFO] USBFileGuard запущен для поиска Текстовый документ.txt
[2025-09-02 06:36:36] [INFO] Запущен таймер удаления на 15 сек
[2025-09-02 06:36:36] [INFO] Файл расшифрован: C:/Users/Scrollend/Documents/Текстовый документ.txt
[2025-09-02 06:36:36] [INFO] Таймер запущен на 15 сек. для 2 объектов
[2025-09-02 06:36:36] [INFO] ClipboardProtector остановлен и буфер обмена очищен
[2025-09-02 06:36:36] [INFO] Файл C:\Users\Scrollend\Documents\Текстовый документ.txt перезаписан (1/3)
[2025-09-02 06:36:36] [INFO] Файл C:\Users\Scrollend\Documents\Текстовый документ.txt перезаписан (2/3)
[2025-09-02 06:36:36] [INFO] Файл C:\Users\Scrollend\Documents\Текстовый документ.txt перезаписан (3/3)
[2025-09-02 06:36:36] [INFO] Файл безопасно удалён: C:\Users\Scrollend\Documents\Текстовый документ.txt
[2025-09-02 06:36:36] [INFO] Файл C:\Users\Scrollend\Documents\Текстовый документ.txt.enc перезаписан (1/3)
[2025-09-02 06:36:36] [INFO] Файл C:\Users\Scrollend\Documents\Текстовый документ.txt.enc перезаписан (2/3)
[2025-09-02 06:36:36] [INFO] Файл C:\Users\Scrollend\Documents\Текстовый документ.txt.enc перезаписан (3/3)
[2025-09-02 06:36:36] [INFO] Файл безопасно удалён: C:\Users\Scrollend\Documents\Текстовый документ.txt.enc
[2025-09-02 06:36:36] [INFO] Обнаружено копирование, файлы удалены
[2025-09-02 06:36:36] [INFO] Обнаружено копирование: text (hash: d4f09dcd...)
[2025-09-02 06:37:21] [INFO] Ошибка проверки обновлений: HTTP Error 404: Not Found
[2025-09-02 06:37:23] [INFO] Просмотр лицензии
[2025-09-02 06:37:24] [INFO] Открыт просмотрщик логов
[2025-09-02 06:37:26] [INFO] Файл C:\Users\Scrollend\Documents\photo_2025-06-30_08-33-31.jpg перезаписан (1/3)
[2025-09-02 06:37:26] [INFO] Файл C:\Users\Scrollend\Documents\photo_2025-06-30_08-33-31.jpg перезаписан (2/3)
[2025-09-02 06:37:26] [INFO] Файл C:\Users\Scrollend\Documents\photo_2025-06-30_08-33-31.jpg перезаписан (3/3)
[2025-09-02 06:37:26] [INFO] Файл безопасно удалён: C:\Users\Scrollend\Documents\photo_2025-06-30_08-33-31.jpg
[2025-09-02 06:37:26] [INFO] Файл удалён по таймеру: C:/Users/Scrollend/Documents/photo_2025-06-30_08-33-31.jpg
[2025-09-02 06:37:27] [INFO] Файл C:\Users\Scrollend\Documents\photo_2025-06-30_08-33-31.jpg.enc перезаписан (1/3)
[2025-09-02 06:37:27] [INFO] Файл C:\Users\Scrollend\Documents\photo_2025-06-30_08-33-31.jpg.enc перезаписан (2/3)
[2025-09-02 06:37:27] [INFO] Файл C:\Users\Scrollend\Documents\photo_2025-06-30_08-33-31.jpg.enc перезаписан (3/3)
[2025-09-02 06:37:27] [INFO] Файл безопасно удалён: C:\Users\Scrollend\Documents\photo_2025-06-30_08-33-31.jpg.enc
[2025-09-02 06:37:27] [INFO] Файл удалён по таймеру: C:/Users/Scrollend/Documents/photo_2025-06-30_08-33-31.jpg.enc
[2025-09-02 06:37:47] [INFO] Конфигурация сохранена
[2025-09-02 06:37:47] [INFO] Изменена тема на: Светлая
[2025-09-02 06:37:49] [INFO] Конфигурация сохранена
[2025-09-02 06:37:49] [INFO] Изменена тема на: Тёмная
[2025-09-02 06:37:52] [INFO] Конфигурация сохранена
[2025-09-02 08:04:12] [INFO] База данных инициализирована
[2025-09-02 08:04:12] [INFO] Успешный вход пользователя: 123
[2025-09-02 08:04:12] [INFO] Конфигурация загружена
[2025-09-02 08:04:12] [INFO] База данных инициализирована
[2025-09-02 08:04:12] [INFO] Обновлен список входящих для 123
[2025-09-02 08:04:23] [INFO] База данных инициализирована
[2025-09-02 08:04:23] [INFO] Обновлен список входящих для 123
[2025-09-02 08:04:26] [INFO] Конфигурация сохранена
